[technext.github.io/feane/index.html]
[technext.github.io/feane/images/favicon.png]
[backblue.gif]
[fade.gif]
[index.html]
[technext.github.io/feane/css/bootstrap.css]
[cdnjs.cloudflare.com/ajax/libs/OwlCarousel2/2.3.4/assets/owl.carousel.min.css]
[cdnjs.cloudflare.com/ajax/libs/jquery-nice-select/1.1.0/css/nice-select.min.css]
[technext.github.io/feane/css/font-awesome.min.css]
[technext.github.io/feane/css/style.css]
[technext.github.io/feane/css/responsive.css]
[technext.github.io/feane/images/hero-bg.jpg]
[technext.github.io/feane/menu.html]
[technext.github.io/feane/about.html]
[technext.github.io/feane/book.html]
[technext.github.io/feane/images/o1.jpg]
[technext.github.io/feane/images/o2.jpg]
[technext.github.io/feane/images/f1.png]
[technext.github.io/feane/images/f2.png]
[technext.github.io/feane/images/f3.png]
[technext.github.io/feane/images/f4.png]
[technext.github.io/feane/images/f5.png]
[technext.github.io/feane/images/f6.png]
[technext.github.io/feane/images/f7.png]
[technext.github.io/feane/images/f8.png]
[technext.github.io/feane/images/f9.png]
[technext.github.io/feane/images/about-img.png]
[technext.github.io/feane/images/client1.jpg]
[technext.github.io/feane/images/client2.jpg]
[technext.github.io/feane/js/jquery-3.4.1.min.js]
[cdn.jsdelivr.net/npm/popper.js@1.16.0/dist/umd/popper.min.js]
[technext.github.io/feane/js/bootstrap.js]
[cdnjs.cloudflare.com/ajax/libs/OwlCarousel2/2.3.4/owl.carousel.min.js]
[unpkg.com/isotope-layout@3.0.4/dist/isotope.pkgd.min.js]
[cdnjs.cloudflare.com/ajax/libs/jquery-nice-select/1.1.0/js/jquery.nice-select.min.js]
[technext.github.io/feane/js/custom.js]
[technext.github.io/feane/index.html]
[technext.github.io/feane/menu.html]
[technext.github.io/feane/about.html]
[technext.github.io/feane/book.html]
[technext.github.io/feane/images/hero-bg.jpg]
[technext.github.io/feane/css/bootstrap.css]
[technext.github.io/feane/images/f1.png]
[technext.github.io/feane/images/o2.jpg]
[technext.github.io/feane/images/f2.png]
[cdnjs.cloudflare.com/ajax/libs/OwlCarousel2/2.3.4/assets/owl.video.play.png]
[cdnjs.cloudflare.com/ajax/libs/OwlCarousel2/2.3.4/assets/owl.carousel.min.css]
[technext.github.io/feane/images/f4.png]
[cdnjs.cloudflare.com/ajax/libs/jquery-nice-select/1.1.0/css/nice-select.min.css]
[technext.github.io/feane/images/f3.png]
[technext.github.io/feane/images/f5.png]
[technext.github.io/feane/images/f6.png]
[technext.github.io/feane/images/f7.png]
[technext.github.io/feane/fonts/fontawesome-webfont.223e6e.delayed]
[technext.github.io/feane/images/f8.png]
[technext.github.io/feane/images/f9.png]
[unpkg.com/isotope-layout@3.0.4/dist/isotope.pkgd.min.js]
[technext.github.io/feane/fonts/fontawesome-webfont.23d41d.delayed]
[technext.github.io/feane/fonts/fontawesome-webfont3e6e.woff2]
[technext.github.io/feane/fonts/fontawesome-webfont3e6e.woff]
[cdnjs.cloudflare.com/ajax/libs/OwlCarousel2/2.3.4/owl.carousel.min.js]
[cdnjs.cloudflare.com/ajax/libs/jquery-nice-select/1.1.0/js/jquery.nice-select.min.js]
[technext.github.io/feane/fonts/fontawesome-webfont3e6e.ttf]
[technext.github.io/feane/fonts/fontawesome-webfont3e6e.svg]
[technext.github.io/feane/css/font-awesome.min.css]
[technext.github.io/feane/css/style.css]
[technext.github.io/feane/css/responsive.css]
[technext.github.io/feane/fonts/fontawesome-webfont3e6e.woff2]
[technext.github.io/feane/fonts/fontawesome-webfont3e6e.woff]
[cdnjs.cloudflare.com/ajax/libs/OwlCarousel2/2.3.4/assets/owl.video.play.png]
[technext.github.io/feane/menu.html]
[technext.github.io/feane/fonts/fontawesome-webfont3e6e.html]
[technext.github.io/feane/fonts/fontawesome-webfontd41d.html]
[technext.github.io/feane/fonts/fontawesome-webfont3e6e-2.html]
